../Core/Src/main.c:92:10:WAV_GetDataOffset	8
../Core/Src/main.c:116:6:Draw_PlayerScreen	1
../Core/Src/main.c:138:6:Display_Error	1
../Core/Src/main.c:150:5:main	11
../Core/Src/main.c:240:6:SystemClock_Config	3
../Core/Src/main.c:281:13:MX_I2C1_Init	2
../Core/Src/main.c:303:13:MX_I2S2_Init	2
../Core/Src/main.c:326:13:MX_SPI1_Init	2
../Core/Src/main.c:349:13:MX_DMA_Init	1
../Core/Src/main.c:359:13:MX_GPIO_Init	1
../Core/Src/main.c:405:6:HAL_I2S_TxHalfCpltCallback	2
../Core/Src/main.c:415:6:HAL_I2S_TxCpltCallback	2
../Core/Src/main.c:426:6:Error_Handler	1
