../Core/Src/ssd1306.c:36:13:ssd1306_WriteCommand	32	static
../Core/Src/ssd1306.c:49:9:ssd1306_Init	8	static
../Core/Src/ssd1306.c:95:6:ssd1306_Fill	24	static
../Core/Src/ssd1306.c:106:6:ssd1306_UpdateScreen	32	static
../Core/Src/ssd1306.c:125:6:ssd1306_DrawPixel	16	static
../Core/Src/ssd1306.c:144:6:ssd1306_DrawLine	40	static
../Core/Src/ssd1306.c:169:6:ssd1306_DrawRectangle	32	static
../Core/Src/ssd1306.c:180:6:ssd1306_DrawFilledRectangle	40	static
../Core/Src/ssd1306.c:193:6:ssd1306_SetCursor	16	static
../Core/Src/ssd1306.c:201:6:ssd1306_WriteChar	48	static
../Core/Src/ssd1306.c:230:6:ssd1306_WriteString	24	static
